

================================================================
== Vivado HLS Report for 'sha256_update'
================================================================
* Date:           Tue Apr 11 14:24:23 2017

* Version:        2016.4 (Build 1756540 on Mon Jan 23 19:31:01 MST 2017)
* Project:        sha256
* Solution:       solution1
* Product family: zynq
* Target device:  xc7z020clg484-1


================================================================
== Performance Estimates
================================================================
+ Timing (ns): 
    * Summary: 
    +--------+-------+----------+------------+
    |  Clock | Target| Estimated| Uncertainty|
    +--------+-------+----------+------------+
    |ap_clk  |   8.00|      6.65|        1.00|
    +--------+-------+----------+------------+

+ Latency (clock cycles): 
    * Summary: 
    +-----+-------+-----+-------+---------+
    |   Latency   |   Interval  | Pipeline|
    | min |  max  | min |  max  |   Type  |
    +-----+-------+-----+-------+---------+
    |    1|  28097|    1|  28097|   none  |
    +-----+-------+-----+-------+---------+

    + Detail: 
        * Instance: 
        +-----------------------------+------------------+-----+-----+-----+-----+---------+
        |                             |                  |  Latency  |  Interval | Pipeline|
        |           Instance          |      Module      | min | max | min | max |   Type  |
        +-----------------------------+------------------+-----+-----+-----+-----+---------+
        |grp_sha256_transform_fu_208  |sha256_transform  |  435|  435|  435|  435|   none  |
        +-----------------------------+------------------+-----+-----+-----+-----+---------+

        * Loop: 
        +----------+-----+-------+----------+-----------+-----------+--------+----------+
        |          |   Latency   | Iteration|  Initiation Interval  |  Trip  |          |
        | Loop Name| min |  max  |  Latency |  achieved |   target  |  Count | Pipelined|
        +----------+-----+-------+----------+-----------+-----------+--------+----------+
        |- Loop 1  |    0|  28096|  3 ~ 439 |          -|          -| 0 ~ 64 |    no    |
        +----------+-----+-------+----------+-----------+-----------+--------+----------+



================================================================
== Utilization Estimates
================================================================
* Summary: 
+-----------------+---------+-------+--------+-------+
|       Name      | BRAM_18K| DSP48E|   FF   |  LUT  |
+-----------------+---------+-------+--------+-------+
|DSP              |        -|      -|       -|      -|
|Expression       |        -|      -|       0|    160|
|FIFO             |        -|      -|       -|      -|
|Instance         |        3|      -|     782|   1719|
|Memory           |        -|      -|       -|      -|
|Multiplexer      |        -|      -|       -|    368|
|Register         |        -|      -|     637|      -|
+-----------------+---------+-------+--------+-------+
|Total            |        3|      0|    1419|   2247|
+-----------------+---------+-------+--------+-------+
|Available        |      280|    220|  106400|  53200|
+-----------------+---------+-------+--------+-------+
|Utilization (%)  |        1|      0|       1|      4|
+-----------------+---------+-------+--------+-------+

+ Detail: 
    * Instance: 
    +-----------------------------+------------------+---------+-------+-----+------+
    |           Instance          |      Module      | BRAM_18K| DSP48E|  FF |  LUT |
    +-----------------------------+------------------+---------+-------+-----+------+
    |grp_sha256_transform_fu_208  |sha256_transform  |        3|      0|  782|  1719|
    +-----------------------------+------------------+---------+-------+-----+------+
    |Total                        |                  |        3|      0|  782|  1719|
    +-----------------------------+------------------+---------+-------+-----+------+

    * DSP48: 
    N/A

    * Memory: 
    N/A

    * FIFO: 
    N/A

    * Expression: 
    +------------------------------+----------+-------+---+----+------------+------------+
    |         Variable Name        | Operation| DSP48E| FF| LUT| Bitwidth P0| Bitwidth P1|
    +------------------------------+----------+-------+---+----+------------+------------+
    |i_1_fu_333_p2                 |     +    |      0|  0|   7|           7|           1|
    |tmp_2_fu_415_p2               |     +    |      0|  0|  32|          32|           1|
    |tmp_5_fu_475_p2               |     +    |      0|  0|  32|          32|           1|
    |tmp_6_fu_489_p2               |     +    |      0|  0|  32|          32|          10|
    |exitcond_fu_328_p2            |   icmp   |      0|  0|   3|           8|           8|
    |tmp_3_fu_421_p2               |   icmp   |      0|  0|  11|          32|           7|
    |tmp_4_fu_469_p2               |   icmp   |      0|  0|  11|          32|          11|
    |tmp_5_ctx_bitlen_1_fu_481_p3  |  select  |      0|  0|  32|           1|          32|
    +------------------------------+----------+-------+---+----+------------+------------+
    |Total                         |          |      0|  0| 160|         176|          71|
    +------------------------------+----------+-------+---+----+------------+------------+

    * Multiplexer: 
    +--------------------+----+-----------+-----+-----------+
    |        Name        | LUT| Input Size| Bits| Total Bits|
    +--------------------+----+-----------+-----+-----------+
    |ap_NS_fsm           |   1|          6|    1|          6|
    |ctx_bitlen_1_fu_92  |  32|          2|   32|         64|
    |ctx_bitlen_fu_96    |  32|          2|   32|         64|
    |ctx_data_address0   |   6|          3|    6|         18|
    |ctx_data_ce0        |   1|          3|    1|          3|
    |ctx_data_ce1        |   1|          2|    1|          2|
    |ctx_datalen_fu_56   |  32|          3|   32|         96|
    |ctx_state_1_fu_84   |  32|          2|   32|         64|
    |ctx_state_2_fu_80   |  32|          2|   32|         64|
    |ctx_state_3_fu_76   |  32|          2|   32|         64|
    |ctx_state_4_fu_72   |  32|          2|   32|         64|
    |ctx_state_5_fu_68   |  32|          2|   32|         64|
    |ctx_state_6_fu_64   |  32|          2|   32|         64|
    |ctx_state_7_fu_60   |  32|          2|   32|         64|
    |ctx_state_fu_88     |  32|          2|   32|         64|
    |i_reg_197           |   7|          2|    7|         14|
    +--------------------+----+-----------+-----+-----------+
    |Total               | 368|         39|  368|        779|
    +--------------------+----+-----------+-----+-----------+

    * Register: 
    +---------------------------------------------+----+----+-----+-----------+
    |                     Name                    | FF | LUT| Bits| Const Bits|
    +---------------------------------------------+----+----+-----+-----------+
    |ap_CS_fsm                                    |   5|   0|    5|          0|
    |ap_reg_grp_sha256_transform_fu_208_ap_start  |   1|   0|    1|          0|
    |ctx_bitlen_1_fu_92                           |  32|   0|   32|          0|
    |ctx_bitlen_fu_96                             |  32|   0|   32|          0|
    |ctx_datalen_fu_56                            |  32|   0|   32|          0|
    |ctx_state_1_fu_84                            |  32|   0|   32|          0|
    |ctx_state_1_load_1_reg_675                   |  32|   0|   32|          0|
    |ctx_state_2_fu_80                            |  32|   0|   32|          0|
    |ctx_state_2_load_1_reg_670                   |  32|   0|   32|          0|
    |ctx_state_3_fu_76                            |  32|   0|   32|          0|
    |ctx_state_3_load_1_reg_665                   |  32|   0|   32|          0|
    |ctx_state_4_fu_72                            |  32|   0|   32|          0|
    |ctx_state_4_load_1_reg_660                   |  32|   0|   32|          0|
    |ctx_state_5_fu_68                            |  32|   0|   32|          0|
    |ctx_state_5_load_1_reg_655                   |  32|   0|   32|          0|
    |ctx_state_6_fu_64                            |  32|   0|   32|          0|
    |ctx_state_6_load_1_reg_650                   |  32|   0|   32|          0|
    |ctx_state_7_fu_60                            |  32|   0|   32|          0|
    |ctx_state_7_load_1_reg_645                   |  32|   0|   32|          0|
    |ctx_state_fu_88                              |  32|   0|   32|          0|
    |ctx_state_load_1_reg_680                     |  32|   0|   32|          0|
    |i_1_reg_631                                  |   7|   0|    7|          0|
    |i_reg_197                                    |   7|   0|    7|          0|
    |tmp_3_reg_641                                |   1|   0|    1|          0|
    |tmp_7_reg_623                                |   8|   0|    8|          0|
    +---------------------------------------------+----+----+-----+-----------+
    |Total                                        | 637|   0|  637|          0|
    +---------------------------------------------+----+----+-----+-----------+



================================================================
== Interface
================================================================
* Summary: 
+-------------------+-----+-----+------------+------------------+--------------+
|     RTL Ports     | Dir | Bits|  Protocol  |   Source Object  |    C Type    |
+-------------------+-----+-----+------------+------------------+--------------+
|ap_clk             |  in |    1| ap_ctrl_hs |   sha256_update  | return value |
|ap_rst             |  in |    1| ap_ctrl_hs |   sha256_update  | return value |
|ap_start           |  in |    1| ap_ctrl_hs |   sha256_update  | return value |
|ap_done            | out |    1| ap_ctrl_hs |   sha256_update  | return value |
|ap_idle            | out |    1| ap_ctrl_hs |   sha256_update  | return value |
|ap_ready           | out |    1| ap_ctrl_hs |   sha256_update  | return value |
|ap_return_0        | out |   32| ap_ctrl_hs |   sha256_update  | return value |
|ap_return_1        | out |   32| ap_ctrl_hs |   sha256_update  | return value |
|ap_return_2        | out |   32| ap_ctrl_hs |   sha256_update  | return value |
|ap_return_3        | out |   32| ap_ctrl_hs |   sha256_update  | return value |
|ap_return_4        | out |   32| ap_ctrl_hs |   sha256_update  | return value |
|ap_return_5        | out |   32| ap_ctrl_hs |   sha256_update  | return value |
|ap_return_6        | out |   32| ap_ctrl_hs |   sha256_update  | return value |
|ap_return_7        | out |   32| ap_ctrl_hs |   sha256_update  | return value |
|ap_return_8        | out |   32| ap_ctrl_hs |   sha256_update  | return value |
|ap_return_9        | out |   32| ap_ctrl_hs |   sha256_update  | return value |
|ap_return_10       | out |   32| ap_ctrl_hs |   sha256_update  | return value |
|ctx_data_address0  | out |    6|  ap_memory |     ctx_data     |     array    |
|ctx_data_ce0       | out |    1|  ap_memory |     ctx_data     |     array    |
|ctx_data_we0       | out |    1|  ap_memory |     ctx_data     |     array    |
|ctx_data_d0        | out |    8|  ap_memory |     ctx_data     |     array    |
|ctx_data_q0        |  in |    8|  ap_memory |     ctx_data     |     array    |
|ctx_data_address1  | out |    6|  ap_memory |     ctx_data     |     array    |
|ctx_data_ce1       | out |    1|  ap_memory |     ctx_data     |     array    |
|ctx_data_q1        |  in |    8|  ap_memory |     ctx_data     |     array    |
|ctx_datalen_read   |  in |   32|   ap_none  | ctx_datalen_read |    scalar    |
|p_read1            |  in |   32|   ap_none  |      p_read1     |    scalar    |
|p_read2            |  in |   32|   ap_none  |      p_read2     |    scalar    |
|p_read3            |  in |   32|   ap_none  |      p_read3     |    scalar    |
|p_read4            |  in |   32|   ap_none  |      p_read4     |    scalar    |
|p_read5            |  in |   32|   ap_none  |      p_read5     |    scalar    |
|p_read6            |  in |   32|   ap_none  |      p_read6     |    scalar    |
|p_read7            |  in |   32|   ap_none  |      p_read7     |    scalar    |
|p_read8            |  in |   32|   ap_none  |      p_read8     |    scalar    |
|p_read9            |  in |   32|   ap_none  |      p_read9     |    scalar    |
|p_read10           |  in |   32|   ap_none  |     p_read10     |    scalar    |
|data_address0      | out |    6|  ap_memory |       data       |     array    |
|data_ce0           | out |    1|  ap_memory |       data       |     array    |
|data_q0            |  in |    8|  ap_memory |       data       |     array    |
|len                |  in |   32|   ap_none  |        len       |    scalar    |
+-------------------+-----+-----+------------+------------------+--------------+

