

================================================================
== Vivado HLS Report for 'sha256'
================================================================
* Date:           Tue Apr 11 14:24:24 2017

* Version:        2016.4 (Build 1756540 on Mon Jan 23 19:31:01 MST 2017)
* Project:        sha256
* Solution:       solution1
* Product family: zynq
* Target device:  xc7z020clg484-1


================================================================
== Performance Estimates
================================================================
+ Timing (ns): 
    * Summary: 
    +--------+-------+----------+------------+
    |  Clock | Target| Estimated| Uncertainty|
    +--------+-------+----------+------------+
    |ap_clk  |   8.00|      6.91|        1.00|
    +--------+-------+----------+------------+

+ Latency (clock cycles): 
    * Summary: 
    +-----+-----+-----+-----+---------+
    |  Latency  |  Interval | Pipeline|
    | min | max | min | max |   Type  |
    +-----+-----+-----+-----+---------+
    |    ?|    ?|    ?|    ?|   none  |
    +-----+-----+-----+-----+---------+

    + Detail: 
        * Instance: 
        +--------------------------+---------------+-----+-------+-----+-------+---------+
        |                          |               |   Latency   |   Interval  | Pipeline|
        |         Instance         |     Module    | min |  max  | min |  max  |   Type  |
        +--------------------------+---------------+-----+-------+-----+-------+---------+
        |grp_sha256_final_fu_834   |sha256_final   |    ?|      ?|    ?|      ?|   none  |
        |grp_sha256_update_fu_853  |sha256_update  |    1|  28097|    1|  28097|   none  |
        +--------------------------+---------------+-----+-------+-----+-------+---------+

        * Loop: 
        +-------------+-----+-----+-----------+-----------+-----------+--------+----------+
        |             |  Latency  | Iteration |  Initiation Interval  |  Trip  |          |
        |  Loop Name  | min | max |  Latency  |  achieved |   target  |  Count | Pipelined|
        +-------------+-----+-----+-----------+-----------+-----------+--------+----------+
        |- Loop 1     |    ?|    ?| 4 ~ 28228 |          -|          -|       ?|    no    |
        | + Loop 1.1  |  128|  128|          2|          -|          -|      64|    no    |
        | + Loop 1.2  |    0|  126|          2|          -|          -| 0 ~ 63 |    no    |
        +-------------+-----+-----+-----------+-----------+-----------+--------+----------+



================================================================
== Utilization Estimates
================================================================
* Summary: 
+-----------------+---------+-------+--------+-------+
|       Name      | BRAM_18K| DSP48E|   FF   |  LUT  |
+-----------------+---------+-------+--------+-------+
|DSP              |        -|      -|       -|      -|
|Expression       |        -|      -|       0|    131|
|FIFO             |        -|      -|       -|      -|
|Instance         |       10|      -|    3182|   5958|
|Memory           |        2|      -|       0|      0|
|Multiplexer      |        -|      -|       -|   1045|
|Register         |        -|      -|    1242|      -|
+-----------------+---------+-------+--------+-------+
|Total            |       12|      0|    4424|   7134|
+-----------------+---------+-------+--------+-------+
|Available        |      280|    220|  106400|  53200|
+-----------------+---------+-------+--------+-------+
|Utilization (%)  |        4|      0|       4|     13|
+-----------------+---------+-------+--------+-------+

+ Detail: 
    * Instance: 
    +--------------------------+-----------------------+---------+-------+------+------+
    |         Instance         |         Module        | BRAM_18K| DSP48E|  FF  |  LUT |
    +--------------------------+-----------------------+---------+-------+------+------+
    |sha256_AXILiteS_s_axi_U   |sha256_AXILiteS_s_axi  |        4|      0|   272|   308|
    |grp_sha256_final_fu_834   |sha256_final           |        3|      0|  1491|  3403|
    |grp_sha256_update_fu_853  |sha256_update          |        3|      0|  1419|  2247|
    +--------------------------+-----------------------+---------+-------+------+------+
    |Total                     |                       |       10|      0|  3182|  5958|
    +--------------------------+-----------------------+---------+-------+------+------+

    * DSP48: 
    N/A

    * Memory: 
    +------------------+----------------------+---------+---+----+------+-----+------+-------------+
    |      Memory      |        Module        | BRAM_18K| FF| LUT| Words| Bits| Banks| W*Bits*Banks|
    +------------------+----------------------+---------+---+----+------+-----+------+-------------+
    |seg_buf_U         |sha256_seg_buf        |        1|  0|   0|    64|    8|     1|          512|
    |sha256ctx_data_U  |sha256_sha256ctx_bkb  |        1|  0|   0|    64|    8|     1|          512|
    +------------------+----------------------+---------+---+----+------+-----+------+-------------+
    |Total             |                      |        2|  0|   0|   128|   16|     2|         1024|
    +------------------+----------------------+---------+---+----+------+-----+------+-------------+

    * FIFO: 
    N/A

    * Expression: 
    +-------------------------+----------+-------+---+----+------------+------------+
    |      Variable Name      | Operation| DSP48E| FF| LUT| Bitwidth P0| Bitwidth P1|
    +-------------------------+----------+-------+---+----+------------+------------+
    |i_7_fu_1261_p2           |     +    |      0|  0|   6|           6|           1|
    |i_fu_1201_p2             |     +    |      0|  0|   7|           7|           1|
    |n_1_fu_1226_p2           |     +    |      0|  0|  32|          32|           8|
    |seg_offset_1_fu_1241_p2  |     +    |      0|  0|  32|          32|           7|
    |sum2_fu_1276_p2          |     +    |      0|  0|   5|          10|          10|
    |sum_fu_1216_p2           |     +    |      0|  0|   5|          10|          10|
    |tmp1_fu_1211_p2          |     +    |      0|  0|   5|          10|          10|
    |tmp2_fu_1271_p2          |     +    |      0|  0|   5|          10|          10|
    |exitcond4_fu_1256_p2     |   icmp   |      0|  0|  11|          32|          32|
    |exitcond5_fu_1195_p2     |   icmp   |      0|  0|   3|           7|           8|
    |icmp_fu_1185_p2          |   icmp   |      0|  0|   9|          26|           1|
    |tmp_s_fu_1169_p2         |   icmp   |      0|  0|  11|          32|           1|
    +-------------------------+----------+-------+---+----+------------+------------+
    |Total                    |          |      0|  0| 131|         214|          99|
    +-------------------------+----------+-------+---+----+------------+------------+

    * Multiplexer: 
    +-------------------------------------------+----+-----------+-----+-----------+
    |                    Name                   | LUT| Input Size| Bits| Total Bits|
    +-------------------------------------------+----+-----------+-----+-----------+
    |ap_NS_fsm                                  |  72|         42|    1|         42|
    |data_address0                              |   8|          3|    8|         24|
    |digest_address0                            |  50|         33|    5|        165|
    |grp_sha256_update_fu_853_ctx_datalen_read  |  32|          3|   32|         96|
    |grp_sha256_update_fu_853_len               |  32|          3|   32|         96|
    |grp_sha256_update_fu_853_p_read1           |  32|          3|   32|         96|
    |grp_sha256_update_fu_853_p_read10          |  32|          3|   32|         96|
    |grp_sha256_update_fu_853_p_read2           |  32|          3|   32|         96|
    |grp_sha256_update_fu_853_p_read3           |  32|          3|   32|         96|
    |grp_sha256_update_fu_853_p_read4           |  32|          3|   32|         96|
    |grp_sha256_update_fu_853_p_read5           |  32|          3|   32|         96|
    |grp_sha256_update_fu_853_p_read6           |  32|          3|   32|         96|
    |grp_sha256_update_fu_853_p_read7           |  32|          3|   32|         96|
    |grp_sha256_update_fu_853_p_read8           |  32|          3|   32|         96|
    |grp_sha256_update_fu_853_p_read9           |  32|          3|   32|         96|
    |i9_reg_810                                 |   7|          2|    7|         14|
    |i_1_reg_822                                |   6|          2|    6|         12|
    |n_fu_150                                   |  32|          3|   32|         96|
    |seg_buf_address0                           |  66|         37|    6|        222|
    |seg_buf_ce0                                |   1|          4|    1|          4|
    |seg_buf_ce1                                |   1|          2|    1|          2|
    |seg_buf_d0                                 |   8|          3|    8|         24|
    |seg_buf_we0                                |   1|          3|    1|          3|
    |seg_buf_we1                                |   1|          2|    1|          2|
    |seg_offset_fu_198                          |  32|          2|   32|         64|
    |sha256ctx_bitlen_0_2_fu_158                |  32|          2|   32|         64|
    |sha256ctx_bitlen_1_2_fu_162                |  32|          2|   32|         64|
    |sha256ctx_data_address0                    |   6|          3|    6|         18|
    |sha256ctx_data_address1                    |   6|          3|    6|         18|
    |sha256ctx_data_ce0                         |   1|          3|    1|          3|
    |sha256ctx_data_ce1                         |   1|          3|    1|          3|
    |sha256ctx_data_d0                          |   8|          3|    8|         24|
    |sha256ctx_data_we0                         |   1|          3|    1|          3|
    |sha256ctx_data_we1                         |   1|          2|    1|          2|
    |sha256ctx_datalen_fu_154                   |  32|          2|   32|         64|
    |sha256ctx_state_0_2_fu_166                 |  32|          2|   32|         64|
    |sha256ctx_state_1_2_fu_170                 |  32|          2|   32|         64|
    |sha256ctx_state_2_2_fu_174                 |  32|          2|   32|         64|
    |sha256ctx_state_3_2_fu_178                 |  32|          2|   32|         64|
    |sha256ctx_state_4_2_fu_182                 |  32|          2|   32|         64|
    |sha256ctx_state_5_2_fu_186                 |  32|          2|   32|         64|
    |sha256ctx_state_6_2_fu_190                 |  32|          2|   32|         64|
    |sha256ctx_state_7_2_fu_194                 |  32|          2|   32|         64|
    +-------------------------------------------+----+-----------+-----+-----------+
    |Total                                      |1045|        216|  869|       2601|
    +-------------------------------------------+----+-----------+-----+-----------+

    * Register: 
    +------------------------------------------+----+----+-----+-----------+
    |                   Name                   | FF | LUT| Bits| Const Bits|
    +------------------------------------------+----+----+-----+-----------+
    |ap_CS_fsm                                 |  41|   0|   41|          0|
    |ap_reg_grp_sha256_final_fu_834_ap_start   |   1|   0|    1|          0|
    |ap_reg_grp_sha256_update_fu_853_ap_start  |   1|   0|    1|          0|
    |i9_reg_810                                |   7|   0|    7|          0|
    |i_1_reg_822                               |   6|   0|    6|          0|
    |i_7_reg_1430                              |   6|   0|    6|          0|
    |i_reg_1417                                |   7|   0|    7|          0|
    |icmp_reg_1404                             |   1|   0|    1|          0|
    |n_fu_150                                  |  32|   0|   32|          0|
    |n_load_reg_1394                           |  32|   0|   32|          0|
    |reg_1031                                  |  32|   0|   32|          0|
    |reg_1037                                  |  32|   0|   32|          0|
    |reg_1043                                  |  32|   0|   32|          0|
    |reg_1049                                  |  32|   0|   32|          0|
    |reg_1055                                  |  32|   0|   32|          0|
    |reg_1061                                  |  32|   0|   32|          0|
    |reg_1067                                  |  32|   0|   32|          0|
    |reg_1073                                  |  32|   0|   32|          0|
    |reg_1079                                  |  32|   0|   32|          0|
    |reg_1085                                  |  32|   0|   32|          0|
    |reg_1091                                  |  32|   0|   32|          0|
    |seg_offset_fu_198                         |  32|   0|   32|          0|
    |sha256ctx_bitlen_0_1_reg_1445             |  32|   0|   32|          0|
    |sha256ctx_bitlen_0_2_fu_158               |  32|   0|   32|          0|
    |sha256ctx_bitlen_1_1_reg_1450             |  32|   0|   32|          0|
    |sha256ctx_bitlen_1_2_fu_162               |  32|   0|   32|          0|
    |sha256ctx_datalen_fu_154                  |  32|   0|   32|          0|
    |sha256ctx_datalen_lo_1_reg_1440           |  32|   0|   32|          0|
    |sha256ctx_state_0_2_2_reg_1455            |  32|   0|   32|          0|
    |sha256ctx_state_0_2_fu_166                |  32|   0|   32|          0|
    |sha256ctx_state_1_2_2_reg_1460            |  32|   0|   32|          0|
    |sha256ctx_state_1_2_fu_170                |  32|   0|   32|          0|
    |sha256ctx_state_2_2_2_reg_1465            |  32|   0|   32|          0|
    |sha256ctx_state_2_2_fu_174                |  32|   0|   32|          0|
    |sha256ctx_state_3_2_2_reg_1470            |  32|   0|   32|          0|
    |sha256ctx_state_3_2_fu_178                |  32|   0|   32|          0|
    |sha256ctx_state_4_2_2_reg_1475            |  32|   0|   32|          0|
    |sha256ctx_state_4_2_fu_182                |  32|   0|   32|          0|
    |sha256ctx_state_5_2_2_reg_1480            |  32|   0|   32|          0|
    |sha256ctx_state_5_2_fu_186                |  32|   0|   32|          0|
    |sha256ctx_state_6_2_2_reg_1485            |  32|   0|   32|          0|
    |sha256ctx_state_6_2_fu_190                |  32|   0|   32|          0|
    |sha256ctx_state_7_2_2_reg_1490            |  32|   0|   32|          0|
    |sha256ctx_state_7_2_fu_194                |  32|   0|   32|          0|
    |tmp_125_reg_1408                          |  10|   0|   10|          0|
    |tmp_reg_1388                              |  10|   0|   10|          0|
    +------------------------------------------+----+----+-----+-----------+
    |Total                                     |1242|   0| 1242|          0|
    +------------------------------------------+----+----+-----+-----------+



================================================================
== Interface
================================================================
* Summary: 
+------------------------+-----+-----+------------+--------------+--------------+
|        RTL Ports       | Dir | Bits|  Protocol  | Source Object|    C Type    |
+------------------------+-----+-----+------------+--------------+--------------+
|s_axi_AXILiteS_AWVALID  |  in |    1|    s_axi   |   AXILiteS   |     array    |
|s_axi_AXILiteS_AWREADY  | out |    1|    s_axi   |   AXILiteS   |     array    |
|s_axi_AXILiteS_AWADDR   |  in |   10|    s_axi   |   AXILiteS   |     array    |
|s_axi_AXILiteS_WVALID   |  in |    1|    s_axi   |   AXILiteS   |     array    |
|s_axi_AXILiteS_WREADY   | out |    1|    s_axi   |   AXILiteS   |     array    |
|s_axi_AXILiteS_WDATA    |  in |   32|    s_axi   |   AXILiteS   |     array    |
|s_axi_AXILiteS_WSTRB    |  in |    4|    s_axi   |   AXILiteS   |     array    |
|s_axi_AXILiteS_ARVALID  |  in |    1|    s_axi   |   AXILiteS   |     array    |
|s_axi_AXILiteS_ARREADY  | out |    1|    s_axi   |   AXILiteS   |     array    |
|s_axi_AXILiteS_ARADDR   |  in |   10|    s_axi   |   AXILiteS   |     array    |
|s_axi_AXILiteS_RVALID   | out |    1|    s_axi   |   AXILiteS   |     array    |
|s_axi_AXILiteS_RREADY   |  in |    1|    s_axi   |   AXILiteS   |     array    |
|s_axi_AXILiteS_RDATA    | out |   32|    s_axi   |   AXILiteS   |     array    |
|s_axi_AXILiteS_RRESP    | out |    2|    s_axi   |   AXILiteS   |     array    |
|s_axi_AXILiteS_BVALID   | out |    1|    s_axi   |   AXILiteS   |     array    |
|s_axi_AXILiteS_BREADY   |  in |    1|    s_axi   |   AXILiteS   |     array    |
|s_axi_AXILiteS_BRESP    | out |    2|    s_axi   |   AXILiteS   |     array    |
|ap_clk                  |  in |    1| ap_ctrl_hs |    sha256    | return value |
|ap_rst_n                |  in |    1| ap_ctrl_hs |    sha256    | return value |
|interrupt               | out |    1| ap_ctrl_hs |    sha256    | return value |
+------------------------+-----+-----+------------+--------------+--------------+

